// Jest Snapshot v1, https://goo.gl/fbAQLP

exports[`dont touch the html trees.html should remain unchanged 1`] = `
"<!-- DONT TOUCH THIS FILE -->
<html>
  <head>
    <title>Trees</title>
  </head>
  <body>
    <h1>Trees</h1>
    <div id=\\"root\\"></div>
  </body>
  <script type=\\"application/javascript\\" src=\\"./trees.js\\"></script>
</html>
<!-- DONT TOUCH THIS FILE -->
"
`;
